[nmessaoudi392.systeme.io/fa523956.html]
[backblue.gif]
[fade.gif]
[index.html]
[d3fit27i5nzkqh.cloudfront.net/assets/css/all.min.css]
[d1yei2z3i6k35z.cloudfront.net/8492513/6755d18e46781_469583520_560944743240633_477513258155850419_n-removebg-preview.png]
[nmessaoudi392.systeme.io/173607e1.html]
[nmessaoudi392.systeme.io/909e16e8.html]
[d1yei2z3i6k35z.cloudfront.net/8492513/6762f5b39be3d_462573188_468490255908007_8278682475670497761_n.jpg]
[d1yei2z3i6k35z.cloudfront.net/systeme-common/6273728b1bd5a_instagram-logo.png]
[d6r6gym8ueyux.cloudfront.net/runtimeSimplePage.1f5d57551aa31777b361.js]
[d6r6gym8ueyux.cloudfront.net/simplePage.2bd8549b8ea072ba9f1d.js]
[nmessaoudi392.systeme.io/fa523956.html]
[d3fit27i5nzkqh.cloudfront.net/assets/css/all.min.css]
[d6r6gym8ueyux.cloudfront.net/vendors_simplePage.369d4e3f6865c614e674.js]
[d1yei2z3i6k35z.cloudfront.net/8492513/6763273c776aa_465689800_9054005178016904_1571290903434692744_n.jpg]
[d1yei2z3i6k35z.cloudfront.net/8492513/676327a94a5fc_462581701_458503387025779_4414765315747607742_n.jpg]
[d1yei2z3i6k35z.cloudfront.net/8492513/67632822d178c_462577699_1808610229977557_4053814042308494792_n.jpg]
[d1yei2z3i6k35z.cloudfront.net/8492513/67632881e7fd9_462570701_27987897857522894_6567729255831079289_n.jpg]
[d1yei2z3i6k35z.cloudfront.net/8492513/676328db88103_462584057_1343441546815924_6616894951315969196_n.jpg]
[d1yei2z3i6k35z.cloudfront.net/8492513/6763292e30aea_462583643_1066986305173643_2938252980604854650_n.jpg]
[nmessaoudi392.systeme.io/78a3fc27]
[nmessaoudi392.systeme.io/173607e1.html]
[nmessaoudi392.systeme.io/default-funnel-step-thank-you-page/4799008.html]
[d1yei2z3i6k35z.cloudfront.net/161/636b89f872b40_115.png]
[d1yei2z3i6k35z.cloudfront.net/systeme-common/621a290b97f6e_12.png]
[nmessaoudi392.systeme.io/909e16e8.html]
[d6r6gym8ueyux.cloudfront.net/runtimeSimplePage.1f5d57551aa31777b361.js]
[nmessaoudi392.systeme.io/common/audio.png]
[nmessaoudi392.systeme.io/e,t]
[nmessaoudi392.systeme.io/e]
[nmessaoudi392.systeme.io/t]
[nmessaoudi392.systeme.io/e,pm(t]
[connect.facebook.net/en_US/sdk.js]
[nmessaoudi392.systeme.io/assets/images/fb_comments.png]
[nmessaoudi392.systeme.io/images/flag-icons/index.html]
[nmessaoudi392.systeme.io/assets/images/image_placeholder.1c.delayed]
[nmessaoudi392.systeme.io/index.html]
[nmessaoudi392.systeme.io/window.location.href]
[nmessaoudi392.systeme.io/assets/images/blog_post_list_image_placeholder.jpg]
[nmessaoudi392.systeme.io/category/index.html]
[nmessaoudi392.systeme.io/e.url,window.location.origin]
[d6r6gym8ueyux.cloudfront.net/simplePage.2bd8549b8ea072ba9f1d.js]
[d6r6gym8ueyux.cloudfront.net/vendors_simplePage.369d4e3f6865c614e674.js]
[nmessaoudi392.systeme.io/78a3fc27.html]
[nmessaoudi392.systeme.io/build/122.5a4c0076.css]
[nmessaoudi392.systeme.io/build/479.3e0b17d5.css]
[nmessaoudi392.systeme.io/build/772.94a7c8b4.css]
[nmessaoudi392.systeme.io/build/base.41c8022a.css]
[nmessaoudi392.systeme.io/build/runtime.dee2d9de.js]
[nmessaoudi392.systeme.io/build/109.f0b3bf43.js]
[nmessaoudi392.systeme.io/build/755.cf8bdcc3.js]
[nmessaoudi392.systeme.io/build/310.37f72994.js]
[nmessaoudi392.systeme.io/build/518.dd0d0058.js]
[nmessaoudi392.systeme.io/build/436.e1358357.js]
[nmessaoudi392.systeme.io/build/548.7ede02d5.js]
[nmessaoudi392.systeme.io/build/122.224df96f.js]
[nmessaoudi392.systeme.io/build/479.dd758353.js]
[nmessaoudi392.systeme.io/build/617.88ac91a4.js]
[nmessaoudi392.systeme.io/default-funnel-step-thank-you-page/4799008.html]
[nmessaoudi392.systeme.io/common/audio.html]
[nmessaoudi392.systeme.io/e,t.html]
[nmessaoudi392.systeme.io/e.html]
[nmessaoudi392.systeme.io/t.html]
[nmessaoudi392.systeme.io/e,pm(t.html]
[connect.facebook.net/en_US/sdk.js]
[nmessaoudi392.systeme.io/assets/images/fb_comments.html]
[nmessaoudi392.systeme.io/images/flag-icons/index.html]
[nmessaoudi392.systeme.io/index.html]
[nmessaoudi392.systeme.io/assets/images/image_placeholder.html]
[nmessaoudi392.systeme.io/category/index.html]
[nmessaoudi392.systeme.io/window.location.html]
[nmessaoudi392.systeme.io/assets/images/blog_post_list_image_placeholder.html]
[nmessaoudi392.systeme.io/e.url,window.location.html]
[nmessaoudi392.systeme.io/build/122.5a4c0076.css]
[nmessaoudi392.systeme.io/build/base.4043c30d.js]
[nmessaoudi392.systeme.io/build/fonts/fontawesome-webfont.8b43027f.eot]
[nmessaoudi392.systeme.io/build/fonts/fontawesome-webfont.8b43027fd41d.eot]
[nmessaoudi392.systeme.io/build/fonts/fontawesome-webfont.20fd1704.woff2]
[nmessaoudi392.systeme.io/build/fonts/fontawesome-webfont.f691f37e.woff]
[nmessaoudi392.systeme.io/build/fonts/fontawesome-webfont.1e59d233.ttf]
[nmessaoudi392.systeme.io/build/479.3e0b17d5.css]
[nmessaoudi392.systeme.io/build/images/fontawesome-webfont.c1e38fd9.svg]
[nmessaoudi392.systeme.io/build/fonts/fontello.78a3f36c.eot]
[nmessaoudi392.systeme.io/build/fonts/fontello.1ee560aa.woff2]
[nmessaoudi392.systeme.io/build/fonts/fontello.8bbadf56.woff]
[nmessaoudi392.systeme.io/build/fonts/fontello.4c7402ca.ttf]
[nmessaoudi392.systeme.io/build/772.94a7c8b4.css]
[nmessaoudi392.systeme.io/build/images/fontello.0fcef40d.svg]
[nmessaoudi392.systeme.io/build/fonts/349C84_5_0.eb905c40.eot]
[nmessaoudi392.systeme.io/build/fonts/349C84_5_0.eb905c40d41d.eot]
[nmessaoudi392.systeme.io/build/fonts/349C84_5_0.845796d6.woff2]
[nmessaoudi392.systeme.io/build/fonts/349C84_5_0.d20e69fe.woff]
[nmessaoudi392.systeme.io/build/fonts/349C84_5_0.ed9dd10c.ttf]
[nmessaoudi392.systeme.io/build/images/349C84_5_0.2af82390.svg]
[nmessaoudi392.systeme.io/build/fonts/349C84_1_0.56e9a865.eot]
[nmessaoudi392.systeme.io/build/fonts/349C84_1_0.56e9a865d41d.eot]
[nmessaoudi392.systeme.io/build/fonts/349C84_1_0.8ec6b30f.woff2]
[nmessaoudi392.systeme.io/build/fonts/349C84_1_0.4491291e.woff]
[nmessaoudi392.systeme.io/build/fonts/349C84_1_0.b0870e2a.ttf]
[nmessaoudi392.systeme.io/build/images/349C84_1_0.688a8378.svg]
[nmessaoudi392.systeme.io/build/fonts/349C84_2_0.a2bc9994.eot]
[nmessaoudi392.systeme.io/build/fonts/349C84_2_0.a2bc9994d41d.eot]
[nmessaoudi392.systeme.io/build/fonts/349C84_2_0.9b589208.woff2]
[nmessaoudi392.systeme.io/build/fonts/349C84_2_0.a3ad3632.woff]
[nmessaoudi392.systeme.io/build/fonts/349C84_2_0.833edf0f.ttf]
[nmessaoudi392.systeme.io/build/images/349C84_2_0.d784c79b.svg]
[nmessaoudi392.systeme.io/build/fonts/349C84_0_0.0e2642fe.eot]
[nmessaoudi392.systeme.io/build/fonts/349C84_0_0.0e2642fed41d.eot]
[nmessaoudi392.systeme.io/build/fonts/349C84_0_0.dd80b9f0.woff2]
[nmessaoudi392.systeme.io/build/fonts/349C84_0_0.a41973ed.woff]
[nmessaoudi392.systeme.io/build/fonts/349C84_0_0.845a0f8f.ttf]
[nmessaoudi392.systeme.io/build/images/349C84_0_0.fde0b501.svg]
[nmessaoudi392.systeme.io/build/fonts/349C84_3_0.1e428f5f.eot]
[nmessaoudi392.systeme.io/build/fonts/349C84_3_0.1e428f5fd41d.eot]
[nmessaoudi392.systeme.io/build/fonts/349C84_3_0.ad525265.woff2]
[nmessaoudi392.systeme.io/build/fonts/349C84_3_0.78645c82.woff]
[nmessaoudi392.systeme.io/build/fonts/349C84_3_0.59b62de7.ttf]
[nmessaoudi392.systeme.io/build/images/349C84_3_0.69042c64.svg]
[nmessaoudi392.systeme.io/build/images/top-corner-3.ff74f881.png]
[nmessaoudi392.systeme.io/build/fonts/Flaticon.36049f63d41d.eot]
[nmessaoudi392.systeme.io/build/fonts/Flaticon.ea1ddc37d41d.woff2]
[nmessaoudi392.systeme.io/build/fonts/Flaticon.08e791f8d41d.woff]
[nmessaoudi392.systeme.io/build/fonts/Flaticon.96950921d41d.ttf]
[nmessaoudi392.systeme.io/build/images/Flaticon.b2cbd7c9.svg]
[nmessaoudi392.systeme.io/build/fonts/flaticon.2086ee33.ttf]
[nmessaoudi392.systeme.io/build/fonts/flaticon.ff37ad31.woff]
[nmessaoudi392.systeme.io/build/fonts/flaticon.ebf750d5.woff2]
[nmessaoudi392.systeme.io/build/fonts/flaticon.4039284d.eot]
[nmessaoudi392.systeme.io/build/base.41c8022a.css]
[nmessaoudi392.systeme.io/build/images/fontawesome-webfont.c1e38fd9.svg]
[nmessaoudi392.systeme.io/build/images/fontello.0fcef40d.svg]
[nmessaoudi392.systeme.io/build/images/flaticon.c0cc2572.svg]
[nmessaoudi392.systeme.io/build/images/349C84_5_0.2af82390.svg]
[nmessaoudi392.systeme.io/build/images/349C84_1_0.688a8378.svg]
[nmessaoudi392.systeme.io/build/images/349C84_2_0.d784c79b.svg]
[nmessaoudi392.systeme.io/build/images/349C84_0_0.fde0b501.svg]
[nmessaoudi392.systeme.io/build/images/349C84_3_0.69042c64.svg]
[nmessaoudi392.systeme.io/build/images/icon-md-arrow-down.26eba1ba.svg]
[nmessaoudi392.systeme.io/build/images/icon-md-arrow-up.db18bd95.svg]
[nmessaoudi392.systeme.io/build/images/Flaticon.b2cbd7c9.svg]
[nmessaoudi392.systeme.io/build/images/flaticon.c0cc2572.svg]
